## Decl(MConst,square,Function(None,List((n,MTyp(MConst,TNumber))),None,If(Binary(Eq,Var(n),N(0.0)),N(0.0),Binary(Times,Var(n),Var(n)))),Decl(MConst,x,Call(Var(square),List(Call(Var(square),List(N(23.0))))),Var(x))) : number
## step    0: Decl(MConst,square,Function(None,List((n,MTyp(MConst,TNumber))),None,If(Binary(Eq,Var(n),N(0.0)),N(0.0),Binary(Times,Var(n),Var(n)))),Decl(MConst,x,Call(Var(square),List(Call(Var(square),List(N(23.0))))),Var(x)))
## step    1: Decl(MConst,x,Call(Function(None,List((n,MTyp(MConst,TNumber))),None,If(Binary(Eq,Var(n),N(0.0)),N(0.0),Binary(Times,Var(n),Var(n)))),List(Call(Function(None,List((n,MTyp(MConst,TNumber))),None,If(Binary(Eq,Var(n),N(0.0)),N(0.0),Binary(Times,Var(n),Var(n)))),List(N(23.0))))),Var(x))
## step    2: Decl(MConst,x,Call(Function(None,List((n,MTyp(MConst,TNumber))),None,If(Binary(Eq,Var(n),N(0.0)),N(0.0),Binary(Times,Var(n),Var(n)))),List(If(Binary(Eq,N(23.0),N(0.0)),N(0.0),Binary(Times,N(23.0),N(23.0))))),Var(x))
## step    3: Decl(MConst,x,Call(Function(None,List((n,MTyp(MConst,TNumber))),None,If(Binary(Eq,Var(n),N(0.0)),N(0.0),Binary(Times,Var(n),Var(n)))),List(If(B(false),N(0.0),Binary(Times,N(23.0),N(23.0))))),Var(x))
## step    4: Decl(MConst,x,Call(Function(None,List((n,MTyp(MConst,TNumber))),None,If(Binary(Eq,Var(n),N(0.0)),N(0.0),Binary(Times,Var(n),Var(n)))),List(Binary(Times,N(23.0),N(23.0)))),Var(x))
## step    5: Decl(MConst,x,Call(Function(None,List((n,MTyp(MConst,TNumber))),None,If(Binary(Eq,Var(n),N(0.0)),N(0.0),Binary(Times,Var(n),Var(n)))),List(N(529.0))),Var(x))
## step    6: Decl(MConst,x,If(Binary(Eq,N(529.0),N(0.0)),N(0.0),Binary(Times,N(529.0),N(529.0))),Var(x))
## step    7: Decl(MConst,x,If(B(false),N(0.0),Binary(Times,N(529.0),N(529.0))),Var(x))
## step    8: Decl(MConst,x,Binary(Times,N(529.0),N(529.0)),Var(x))
## step    9: Decl(MConst,x,N(279841.0),Var(x))
## value: N(279841.0)
279841.0
